PS C:\Users\81902\desktop> cd git_challenge
PS C:\Users\81902\desktop\git_challenge> git init
Initialized empty Git repository in C:/Users/81902/Desktop/git_challenge/.git/
PS C:\Users\81902\desktop\git_challenge> git status
On branch main
nothing to commit (create/copy files and use "git add" to track)
PS C:\Users\81902\desktop\git_challenge> echo "Hello, world!" > hello_world.txt
PS C:\Users\81902\desktop\git_challenge> git add hello_world.txt
PS C:\Users\81902\desktop\git_challenge> git commit -m "Add hello_world.txt"
[main (root-commit) 452dbaa] Add hello_world.txt
 1 file changed, 0 insertions(+), 0 deletions(-)
 create mode 100644 hello_world.txt
PS C:\Users\81902\desktop\git_challenge> echo "こんにちは、世界！" > hello_world.txt
PS C:\Users\81902\desktop\git_challenge> git add hello_world.txt
PS C:\Users\81902\desktop\git_challenge> git commit -m "Add hello_world.txt"
PS C:\Users\81902\desktop\git_challenge> git log --oneline
d7d3611 (HEAD -> main) Add hello_world.txt
452dbaa Add hello_world.txt